[0.004s] Invoking command in '/home/birdlab1/Yash/ng_gravity/build/drone_simulation': CMAKE_PREFIX_PATH=/opt/ros/humble /usr/bin/cmake /home/birdlab1/Yash/ng_gravity/src/drone_simulation -DCMAKE_INSTALL_PREFIX=/home/birdlab1/Yash/ng_gravity/install/drone_simulation
[0.050s] -- The C compiler identification is GNU 11.4.0
[0.085s] -- The CXX compiler identification is GNU 11.4.0
[0.089s] -- Detecting C compiler ABI info
[0.138s] -- Detecting C compiler ABI info - done
[0.145s] -- Check for working C compiler: /usr/bin/cc - skipped
[0.145s] -- Detecting C compile features
[0.145s] -- Detecting C compile features - done
[0.148s] -- Detecting CXX compiler ABI info
[0.198s] -- Detecting CXX compiler ABI info - done
[0.203s] -- Check for working CXX compiler: /usr/bin/c++ - skipped
[0.203s] -- Detecting CXX compile features
[0.203s] -- Detecting CXX compile features - done
[0.205s] -- Found ament_cmake: 1.3.13 (/opt/ros/humble/share/ament_cmake/cmake)
[0.301s] -- Found Python3: /usr/bin/python3 (found version "3.10.12") found components: Interpreter 
[0.349s] -- Found ament_lint_auto: 0.12.15 (/opt/ros/humble/share/ament_lint_auto/cmake)
[0.434s] -- Added test 'flake8' to check Python code syntax and style conventions
[0.435s] -- Added test 'lint_cmake' to check CMake code style
[0.437s] -- Added test 'pep257' to check Python code against some of the docstring style conventions in PEP 257
[0.440s] -- Added test 'xmllint' to check XML markup files
[0.442s] -- Configuring done
[0.445s] -- Generating done
[0.447s] -- Build files have been written to: /home/birdlab1/Yash/ng_gravity/build/drone_simulation
[0.454s] Invoked command in '/home/birdlab1/Yash/ng_gravity/build/drone_simulation' returned '0': CMAKE_PREFIX_PATH=/opt/ros/humble /usr/bin/cmake /home/birdlab1/Yash/ng_gravity/src/drone_simulation -DCMAKE_INSTALL_PREFIX=/home/birdlab1/Yash/ng_gravity/install/drone_simulation
[0.455s] Invoking command in '/home/birdlab1/Yash/ng_gravity/build/drone_simulation': CMAKE_PREFIX_PATH=/opt/ros/humble /usr/bin/cmake --build /home/birdlab1/Yash/ng_gravity/build/drone_simulation -- -j20 -l20
[0.491s] Invoked command in '/home/birdlab1/Yash/ng_gravity/build/drone_simulation' returned '0': CMAKE_PREFIX_PATH=/opt/ros/humble /usr/bin/cmake --build /home/birdlab1/Yash/ng_gravity/build/drone_simulation -- -j20 -l20
[0.506s] Invoking command in '/home/birdlab1/Yash/ng_gravity/build/drone_simulation': CMAKE_PREFIX_PATH=/opt/ros/humble /usr/bin/cmake --install /home/birdlab1/Yash/ng_gravity/build/drone_simulation
[0.520s] -- Install configuration: ""
[0.520s] -- Installing: /home/birdlab1/Yash/ng_gravity/install/drone_simulation/share/drone_simulation/launch
[0.520s] -- Installing: /home/birdlab1/Yash/ng_gravity/install/drone_simulation/share/drone_simulation/launch/gazebo.launch.py
[0.529s] -- Installing: /home/birdlab1/Yash/ng_gravity/install/drone_simulation/share/drone_simulation/worlds
[0.529s] -- Installing: /home/birdlab1/Yash/ng_gravity/install/drone_simulation/share/drone_simulation/worlds/narrow_gap.sdf
[0.529s] -- Installing: /home/birdlab1/Yash/ng_gravity/install/drone_simulation/share/drone_simulation/models
[0.529s] -- Installing: /home/birdlab1/Yash/ng_gravity/install/drone_simulation/share/drone_simulation/models/drone_description
[0.529s] -- Installing: /home/birdlab1/Yash/ng_gravity/install/drone_simulation/share/drone_simulation/models/drone_description/meshes
[0.529s] -- Installing: /home/birdlab1/Yash/ng_gravity/install/drone_simulation/share/drone_simulation/models/drone_description/meshes/hinge_2.STL
[0.561s] -- Installing: /home/birdlab1/Yash/ng_gravity/install/drone_simulation/share/drone_simulation/models/drone_description/meshes/rotor_4.STL
[0.593s] -- Installing: /home/birdlab1/Yash/ng_gravity/install/drone_simulation/share/drone_simulation/models/drone_description/meshes/rotor_3.STL
[0.601s] -- Installing: /home/birdlab1/Yash/ng_gravity/install/drone_simulation/share/drone_simulation/models/drone_description/meshes/rotor_2.STL
[0.603s] -- Installing: /home/birdlab1/Yash/ng_gravity/install/drone_simulation/share/drone_simulation/models/drone_description/meshes/hinge_5.STL
[0.635s] -- Installing: /home/birdlab1/Yash/ng_gravity/install/drone_simulation/share/drone_simulation/models/drone_description/meshes/base_link.STL
[0.664s] -- Installing: /home/birdlab1/Yash/ng_gravity/install/drone_simulation/share/drone_simulation/models/drone_description/meshes/hinge_3.STL
[0.705s] -- Installing: /home/birdlab1/Yash/ng_gravity/install/drone_simulation/share/drone_simulation/models/drone_description/meshes/hinge_4.STL
[0.729s] -- Installing: /home/birdlab1/Yash/ng_gravity/install/drone_simulation/share/drone_simulation/models/drone_description/meshes/rotor_5.STL
[0.763s] -- Installing: /home/birdlab1/Yash/ng_gravity/install/drone_simulation/share/drone_simulation/models/drone_description/model.config
[0.771s] -- Installing: /home/birdlab1/Yash/ng_gravity/install/drone_simulation/share/drone_simulation/models/drone_description/model.sdf
[0.790s] -- Installing: /home/birdlab1/Yash/ng_gravity/install/drone_simulation/share/drone_simulation/models/materials
[0.790s] -- Installing: /home/birdlab1/Yash/ng_gravity/install/drone_simulation/share/drone_simulation/models/materials/textures
[0.791s] -- Installing: /home/birdlab1/Yash/ng_gravity/install/drone_simulation/share/drone_simulation/models/materials/textures/brick_wall.jpg
[0.826s] -- Installing: /home/birdlab1/Yash/ng_gravity/install/drone_simulation/share/ament_index/resource_index/package_run_dependencies/drone_simulation
[0.826s] -- Installing: /home/birdlab1/Yash/ng_gravity/install/drone_simulation/share/ament_index/resource_index/parent_prefix_path/drone_simulation
[0.827s] -- Installing: /home/birdlab1/Yash/ng_gravity/install/drone_simulation/share/drone_simulation/environment/ament_prefix_path.sh
[0.827s] -- Installing: /home/birdlab1/Yash/ng_gravity/install/drone_simulation/share/drone_simulation/environment/ament_prefix_path.dsv
[0.828s] -- Installing: /home/birdlab1/Yash/ng_gravity/install/drone_simulation/share/drone_simulation/environment/path.sh
[0.828s] -- Installing: /home/birdlab1/Yash/ng_gravity/install/drone_simulation/share/drone_simulation/environment/path.dsv
[0.828s] -- Installing: /home/birdlab1/Yash/ng_gravity/install/drone_simulation/share/drone_simulation/local_setup.bash
[0.828s] -- Installing: /home/birdlab1/Yash/ng_gravity/install/drone_simulation/share/drone_simulation/local_setup.sh
[0.829s] -- Installing: /home/birdlab1/Yash/ng_gravity/install/drone_simulation/share/drone_simulation/local_setup.zsh
[0.829s] -- Installing: /home/birdlab1/Yash/ng_gravity/install/drone_simulation/share/drone_simulation/local_setup.dsv
[0.829s] -- Installing: /home/birdlab1/Yash/ng_gravity/install/drone_simulation/share/drone_simulation/package.dsv
[0.829s] -- Installing: /home/birdlab1/Yash/ng_gravity/install/drone_simulation/share/ament_index/resource_index/packages/drone_simulation
[0.841s] -- Installing: /home/birdlab1/Yash/ng_gravity/install/drone_simulation/share/drone_simulation/cmake/drone_simulationConfig.cmake
[0.841s] -- Installing: /home/birdlab1/Yash/ng_gravity/install/drone_simulation/share/drone_simulation/cmake/drone_simulationConfig-version.cmake
[0.841s] -- Installing: /home/birdlab1/Yash/ng_gravity/install/drone_simulation/share/drone_simulation/package.xml
[0.865s] Invoked command in '/home/birdlab1/Yash/ng_gravity/build/drone_simulation' returned '0': CMAKE_PREFIX_PATH=/opt/ros/humble /usr/bin/cmake --install /home/birdlab1/Yash/ng_gravity/build/drone_simulation
