[0.005s] Invoking command in '/home/birdlab1/Yash/real_gap/build/drone_simulation': CMAKE_PREFIX_PATH=/opt/ros/humble /usr/bin/cmake /home/birdlab1/Yash/real_gap/src/drone_simulation -DCMAKE_INSTALL_PREFIX=/home/birdlab1/Yash/real_gap/install/drone_simulation
[0.048s] -- The C compiler identification is GNU 11.4.0
[0.088s] -- The CXX compiler identification is GNU 11.4.0
[0.092s] -- Detecting C compiler ABI info
[0.165s] -- Detecting C compiler ABI info - done
[0.172s] -- Check for working C compiler: /usr/bin/cc - skipped
[0.172s] -- Detecting C compile features
[0.172s] -- Detecting C compile features - done
[0.174s] -- Detecting CXX compiler ABI info
[0.233s] -- Detecting CXX compiler ABI info - done
[0.239s] -- Check for working CXX compiler: /usr/bin/c++ - skipped
[0.239s] -- Detecting CXX compile features
[0.239s] -- Detecting CXX compile features - done
[0.241s] -- Found ament_cmake: 1.3.13 (/opt/ros/humble/share/ament_cmake/cmake)
[0.334s] -- Found Python3: /usr/bin/python3 (found version "3.10.12") found components: Interpreter 
[0.382s] -- Found ament_lint_auto: 0.12.15 (/opt/ros/humble/share/ament_lint_auto/cmake)
[0.456s] -- Added test 'flake8' to check Python code syntax and style conventions
[0.457s] -- Added test 'lint_cmake' to check CMake code style
[0.457s] -- Added test 'pep257' to check Python code against some of the docstring style conventions in PEP 257
[0.458s] -- Added test 'xmllint' to check XML markup files
[0.458s] -- Configuring done
[0.459s] -- Generating done
[0.460s] -- Build files have been written to: /home/birdlab1/Yash/real_gap/build/drone_simulation
[0.463s] Invoked command in '/home/birdlab1/Yash/real_gap/build/drone_simulation' returned '0': CMAKE_PREFIX_PATH=/opt/ros/humble /usr/bin/cmake /home/birdlab1/Yash/real_gap/src/drone_simulation -DCMAKE_INSTALL_PREFIX=/home/birdlab1/Yash/real_gap/install/drone_simulation
[0.464s] Invoking command in '/home/birdlab1/Yash/real_gap/build/drone_simulation': CMAKE_PREFIX_PATH=/opt/ros/humble /usr/bin/cmake --build /home/birdlab1/Yash/real_gap/build/drone_simulation -- -j20 -l20
[0.493s] Invoked command in '/home/birdlab1/Yash/real_gap/build/drone_simulation' returned '0': CMAKE_PREFIX_PATH=/opt/ros/humble /usr/bin/cmake --build /home/birdlab1/Yash/real_gap/build/drone_simulation -- -j20 -l20
[0.497s] Invoking command in '/home/birdlab1/Yash/real_gap/build/drone_simulation': CMAKE_PREFIX_PATH=/opt/ros/humble /usr/bin/cmake --install /home/birdlab1/Yash/real_gap/build/drone_simulation
[0.501s] -- Install configuration: ""
[0.501s] -- Installing: /home/birdlab1/Yash/real_gap/install/drone_simulation/share/drone_simulation/launch
[0.501s] -- Installing: /home/birdlab1/Yash/real_gap/install/drone_simulation/share/drone_simulation/launch/gazebo.launch.py
[0.502s] -- Installing: /home/birdlab1/Yash/real_gap/install/drone_simulation/share/drone_simulation/worlds
[0.502s] -- Installing: /home/birdlab1/Yash/real_gap/install/drone_simulation/share/drone_simulation/worlds/narrow_gap.sdf
[0.502s] -- Installing: /home/birdlab1/Yash/real_gap/install/drone_simulation/share/drone_simulation/models
[0.502s] -- Installing: /home/birdlab1/Yash/real_gap/install/drone_simulation/share/drone_simulation/models/drone_description
[0.502s] -- Installing: /home/birdlab1/Yash/real_gap/install/drone_simulation/share/drone_simulation/models/drone_description/meshes
[0.502s] -- Installing: /home/birdlab1/Yash/real_gap/install/drone_simulation/share/drone_simulation/models/drone_description/meshes/hinge_2.STL
[0.564s] -- Installing: /home/birdlab1/Yash/real_gap/install/drone_simulation/share/drone_simulation/models/drone_description/meshes/rotor_4.STL
[0.573s] -- Installing: /home/birdlab1/Yash/real_gap/install/drone_simulation/share/drone_simulation/models/drone_description/meshes/rotor_3.STL
[0.587s] -- Installing: /home/birdlab1/Yash/real_gap/install/drone_simulation/share/drone_simulation/models/drone_description/meshes/rotor_2.STL
[0.599s] -- Installing: /home/birdlab1/Yash/real_gap/install/drone_simulation/share/drone_simulation/models/drone_description/meshes/hinge_5.STL
[0.625s] -- Installing: /home/birdlab1/Yash/real_gap/install/drone_simulation/share/drone_simulation/models/drone_description/meshes/base_link.STL
[0.636s] -- Installing: /home/birdlab1/Yash/real_gap/install/drone_simulation/share/drone_simulation/models/drone_description/meshes/hinge_3.STL
[0.658s] -- Installing: /home/birdlab1/Yash/real_gap/install/drone_simulation/share/drone_simulation/models/drone_description/meshes/hinge_4.STL
[0.690s] -- Installing: /home/birdlab1/Yash/real_gap/install/drone_simulation/share/drone_simulation/models/drone_description/meshes/rotor_5.STL
[0.691s] -- Installing: /home/birdlab1/Yash/real_gap/install/drone_simulation/share/drone_simulation/models/drone_description/model.config
[0.691s] -- Installing: /home/birdlab1/Yash/real_gap/install/drone_simulation/share/drone_simulation/models/drone_description/model.sdf
[0.692s] -- Installing: /home/birdlab1/Yash/real_gap/install/drone_simulation/share/drone_simulation/models/materials
[0.692s] -- Installing: /home/birdlab1/Yash/real_gap/install/drone_simulation/share/drone_simulation/models/materials/textures
[0.693s] -- Installing: /home/birdlab1/Yash/real_gap/install/drone_simulation/share/drone_simulation/models/materials/textures/brick_wall.jpg
[0.708s] -- Installing: /home/birdlab1/Yash/real_gap/install/drone_simulation/share/ament_index/resource_index/package_run_dependencies/drone_simulation
[0.708s] -- Installing: /home/birdlab1/Yash/real_gap/install/drone_simulation/share/ament_index/resource_index/parent_prefix_path/drone_simulation
[0.709s] -- Installing: /home/birdlab1/Yash/real_gap/install/drone_simulation/share/drone_simulation/environment/ament_prefix_path.sh
[0.709s] -- Installing: /home/birdlab1/Yash/real_gap/install/drone_simulation/share/drone_simulation/environment/ament_prefix_path.dsv
[0.709s] -- Installing: /home/birdlab1/Yash/real_gap/install/drone_simulation/share/drone_simulation/environment/path.sh
[0.709s] -- Installing: /home/birdlab1/Yash/real_gap/install/drone_simulation/share/drone_simulation/environment/path.dsv
[0.709s] -- Installing: /home/birdlab1/Yash/real_gap/install/drone_simulation/share/drone_simulation/local_setup.bash
[0.709s] -- Installing: /home/birdlab1/Yash/real_gap/install/drone_simulation/share/drone_simulation/local_setup.sh
[0.710s] -- Installing: /home/birdlab1/Yash/real_gap/install/drone_simulation/share/drone_simulation/local_setup.zsh
[0.710s] -- Installing: /home/birdlab1/Yash/real_gap/install/drone_simulation/share/drone_simulation/local_setup.dsv
[0.710s] -- Installing: /home/birdlab1/Yash/real_gap/install/drone_simulation/share/drone_simulation/package.dsv
[0.710s] -- Installing: /home/birdlab1/Yash/real_gap/install/drone_simulation/share/ament_index/resource_index/packages/drone_simulation
[0.712s] -- Installing: /home/birdlab1/Yash/real_gap/install/drone_simulation/share/drone_simulation/cmake/drone_simulationConfig.cmake
[0.713s] -- Installing: /home/birdlab1/Yash/real_gap/install/drone_simulation/share/drone_simulation/cmake/drone_simulationConfig-version.cmake
[0.713s] -- Installing: /home/birdlab1/Yash/real_gap/install/drone_simulation/share/drone_simulation/package.xml
[0.734s] Invoked command in '/home/birdlab1/Yash/real_gap/build/drone_simulation' returned '0': CMAKE_PREFIX_PATH=/opt/ros/humble /usr/bin/cmake --install /home/birdlab1/Yash/real_gap/build/drone_simulation
