[0.004s] Invoking command in '/home/birdlab1/Yash/narrow_gap/build/drone_simulation': CMAKE_PREFIX_PATH=/opt/ros/humble /usr/bin/cmake /home/birdlab1/Yash/narrow_gap/src/drone_simulation -DCMAKE_INSTALL_PREFIX=/home/birdlab1/Yash/narrow_gap/install/drone_simulation
[0.049s] -- The C compiler identification is GNU 11.4.0
[0.085s] -- The CXX compiler identification is GNU 11.4.0
[0.089s] -- Detecting C compiler ABI info
[0.136s] -- Detecting C compiler ABI info - done
[0.141s] -- Check for working C compiler: /usr/bin/cc - skipped
[0.141s] -- Detecting C compile features
[0.141s] -- Detecting C compile features - done
[0.143s] -- Detecting CXX compiler ABI info
[0.201s] -- Detecting CXX compiler ABI info - done
[0.208s] -- Check for working CXX compiler: /usr/bin/c++ - skipped
[0.208s] -- Detecting CXX compile features
[0.208s] -- Detecting CXX compile features - done
[0.210s] -- Found ament_cmake: 1.3.13 (/opt/ros/humble/share/ament_cmake/cmake)
[0.305s] -- Found Python3: /usr/bin/python3 (found version "3.10.12") found components: Interpreter 
[0.354s] -- Found ament_lint_auto: 0.12.15 (/opt/ros/humble/share/ament_lint_auto/cmake)
[0.406s] -- Added test 'flake8' to check Python code syntax and style conventions
[0.407s] -- Added test 'lint_cmake' to check CMake code style
[0.407s] -- Added test 'pep257' to check Python code against some of the docstring style conventions in PEP 257
[0.408s] -- Added test 'xmllint' to check XML markup files
[0.408s] -- Configuring done
[0.409s] -- Generating done
[0.410s] -- Build files have been written to: /home/birdlab1/Yash/narrow_gap/build/drone_simulation
[0.414s] Invoked command in '/home/birdlab1/Yash/narrow_gap/build/drone_simulation' returned '0': CMAKE_PREFIX_PATH=/opt/ros/humble /usr/bin/cmake /home/birdlab1/Yash/narrow_gap/src/drone_simulation -DCMAKE_INSTALL_PREFIX=/home/birdlab1/Yash/narrow_gap/install/drone_simulation
[0.414s] Invoking command in '/home/birdlab1/Yash/narrow_gap/build/drone_simulation': CMAKE_PREFIX_PATH=/opt/ros/humble /usr/bin/cmake --build /home/birdlab1/Yash/narrow_gap/build/drone_simulation -- -j20 -l20
[0.437s] Invoked command in '/home/birdlab1/Yash/narrow_gap/build/drone_simulation' returned '0': CMAKE_PREFIX_PATH=/opt/ros/humble /usr/bin/cmake --build /home/birdlab1/Yash/narrow_gap/build/drone_simulation -- -j20 -l20
[0.442s] Invoking command in '/home/birdlab1/Yash/narrow_gap/build/drone_simulation': CMAKE_PREFIX_PATH=/opt/ros/humble /usr/bin/cmake --install /home/birdlab1/Yash/narrow_gap/build/drone_simulation
[0.446s] -- Install configuration: ""
[0.446s] -- Installing: /home/birdlab1/Yash/narrow_gap/install/drone_simulation/share/drone_simulation/launch
[0.446s] -- Installing: /home/birdlab1/Yash/narrow_gap/install/drone_simulation/share/drone_simulation/launch/gazebo.launch.py
[0.446s] -- Installing: /home/birdlab1/Yash/narrow_gap/install/drone_simulation/share/drone_simulation/worlds
[0.446s] -- Installing: /home/birdlab1/Yash/narrow_gap/install/drone_simulation/share/drone_simulation/worlds/narrow_gap.sdf
[0.446s] -- Installing: /home/birdlab1/Yash/narrow_gap/install/drone_simulation/share/drone_simulation/models
[0.446s] -- Installing: /home/birdlab1/Yash/narrow_gap/install/drone_simulation/share/drone_simulation/models/drone_description
[0.446s] -- Installing: /home/birdlab1/Yash/narrow_gap/install/drone_simulation/share/drone_simulation/models/drone_description/meshes
[0.446s] -- Installing: /home/birdlab1/Yash/narrow_gap/install/drone_simulation/share/drone_simulation/models/drone_description/meshes/hinge_2.STL
[0.447s] -- Installing: /home/birdlab1/Yash/narrow_gap/install/drone_simulation/share/drone_simulation/models/drone_description/meshes/rotor_4.STL
[0.447s] -- Installing: /home/birdlab1/Yash/narrow_gap/install/drone_simulation/share/drone_simulation/models/drone_description/meshes/rotor_3.STL
[0.447s] -- Installing: /home/birdlab1/Yash/narrow_gap/install/drone_simulation/share/drone_simulation/models/drone_description/meshes/rotor_2.STL
[0.447s] -- Installing: /home/birdlab1/Yash/narrow_gap/install/drone_simulation/share/drone_simulation/models/drone_description/meshes/hinge_5.STL
[0.448s] -- Installing: /home/birdlab1/Yash/narrow_gap/install/drone_simulation/share/drone_simulation/models/drone_description/meshes/base_link.STL
[0.448s] -- Installing: /home/birdlab1/Yash/narrow_gap/install/drone_simulation/share/drone_simulation/models/drone_description/meshes/hinge_3.STL
[0.448s] -- Installing: /home/birdlab1/Yash/narrow_gap/install/drone_simulation/share/drone_simulation/models/drone_description/meshes/hinge_4.STL
[0.449s] -- Installing: /home/birdlab1/Yash/narrow_gap/install/drone_simulation/share/drone_simulation/models/drone_description/meshes/rotor_5.STL
[0.449s] -- Installing: /home/birdlab1/Yash/narrow_gap/install/drone_simulation/share/drone_simulation/models/drone_description/model.config
[0.449s] -- Installing: /home/birdlab1/Yash/narrow_gap/install/drone_simulation/share/drone_simulation/models/drone_description/model.sdf
[0.449s] -- Installing: /home/birdlab1/Yash/narrow_gap/install/drone_simulation/share/drone_simulation/models/materials
[0.449s] -- Installing: /home/birdlab1/Yash/narrow_gap/install/drone_simulation/share/drone_simulation/models/materials/textures
[0.449s] -- Installing: /home/birdlab1/Yash/narrow_gap/install/drone_simulation/share/drone_simulation/models/materials/textures/brick_wall.jpg
[0.450s] -- Installing: /home/birdlab1/Yash/narrow_gap/install/drone_simulation/share/ament_index/resource_index/package_run_dependencies/drone_simulation
[0.450s] -- Installing: /home/birdlab1/Yash/narrow_gap/install/drone_simulation/share/ament_index/resource_index/parent_prefix_path/drone_simulation
[0.450s] -- Installing: /home/birdlab1/Yash/narrow_gap/install/drone_simulation/share/drone_simulation/environment/ament_prefix_path.sh
[0.451s] -- Installing: /home/birdlab1/Yash/narrow_gap/install/drone_simulation/share/drone_simulation/environment/ament_prefix_path.dsv
[0.451s] -- Installing: /home/birdlab1/Yash/narrow_gap/install/drone_simulation/share/drone_simulation/environment/path.sh
[0.451s] -- Installing: /home/birdlab1/Yash/narrow_gap/install/drone_simulation/share/drone_simulation/environment/path.dsv
[0.451s] -- Installing: /home/birdlab1/Yash/narrow_gap/install/drone_simulation/share/drone_simulation/local_setup.bash
[0.451s] -- Installing: /home/birdlab1/Yash/narrow_gap/install/drone_simulation/share/drone_simulation/local_setup.sh
[0.451s] -- Installing: /home/birdlab1/Yash/narrow_gap/install/drone_simulation/share/drone_simulation/local_setup.zsh
[0.451s] -- Installing: /home/birdlab1/Yash/narrow_gap/install/drone_simulation/share/drone_simulation/local_setup.dsv
[0.451s] -- Installing: /home/birdlab1/Yash/narrow_gap/install/drone_simulation/share/drone_simulation/package.dsv
[0.451s] -- Installing: /home/birdlab1/Yash/narrow_gap/install/drone_simulation/share/ament_index/resource_index/packages/drone_simulation
[0.451s] -- Installing: /home/birdlab1/Yash/narrow_gap/install/drone_simulation/share/drone_simulation/cmake/drone_simulationConfig.cmake
[0.451s] -- Installing: /home/birdlab1/Yash/narrow_gap/install/drone_simulation/share/drone_simulation/cmake/drone_simulationConfig-version.cmake
[0.451s] -- Installing: /home/birdlab1/Yash/narrow_gap/install/drone_simulation/share/drone_simulation/package.xml
[0.452s] Invoked command in '/home/birdlab1/Yash/narrow_gap/build/drone_simulation' returned '0': CMAKE_PREFIX_PATH=/opt/ros/humble /usr/bin/cmake --install /home/birdlab1/Yash/narrow_gap/build/drone_simulation
