[0.005s] Invoking command in '/home/birdlab1/Yash/tunnel_gap/build/drone_simulation': CMAKE_PREFIX_PATH=/opt/ros/humble /usr/bin/cmake /home/birdlab1/Yash/tunnel_gap/src/drone_simulation -DCMAKE_INSTALL_PREFIX=/home/birdlab1/Yash/tunnel_gap/install/drone_simulation
[0.046s] -- The C compiler identification is GNU 11.4.0
[0.084s] -- The CXX compiler identification is GNU 11.4.0
[0.088s] -- Detecting C compiler ABI info
[0.133s] -- Detecting C compiler ABI info - done
[0.142s] -- Check for working C compiler: /usr/bin/cc - skipped
[0.142s] -- Detecting C compile features
[0.142s] -- Detecting C compile features - done
[0.146s] -- Detecting CXX compiler ABI info
[0.209s] -- Detecting CXX compiler ABI info - done
[0.214s] -- Check for working CXX compiler: /usr/bin/c++ - skipped
[0.214s] -- Detecting CXX compile features
[0.214s] -- Detecting CXX compile features - done
[0.215s] -- Found ament_cmake: 1.3.13 (/opt/ros/humble/share/ament_cmake/cmake)
[0.311s] -- Found Python3: /usr/bin/python3 (found version "3.10.12") found components: Interpreter 
[0.361s] -- Found ament_lint_auto: 0.12.15 (/opt/ros/humble/share/ament_lint_auto/cmake)
[0.415s] -- Added test 'flake8' to check Python code syntax and style conventions
[0.415s] -- Added test 'lint_cmake' to check CMake code style
[0.416s] -- Added test 'pep257' to check Python code against some of the docstring style conventions in PEP 257
[0.416s] -- Added test 'xmllint' to check XML markup files
[0.417s] -- Configuring done
[0.418s] -- Generating done
[0.419s] -- Build files have been written to: /home/birdlab1/Yash/tunnel_gap/build/drone_simulation
[0.422s] Invoked command in '/home/birdlab1/Yash/tunnel_gap/build/drone_simulation' returned '0': CMAKE_PREFIX_PATH=/opt/ros/humble /usr/bin/cmake /home/birdlab1/Yash/tunnel_gap/src/drone_simulation -DCMAKE_INSTALL_PREFIX=/home/birdlab1/Yash/tunnel_gap/install/drone_simulation
[0.423s] Invoking command in '/home/birdlab1/Yash/tunnel_gap/build/drone_simulation': CMAKE_PREFIX_PATH=/opt/ros/humble /usr/bin/cmake --build /home/birdlab1/Yash/tunnel_gap/build/drone_simulation -- -j20 -l20
[0.451s] Invoked command in '/home/birdlab1/Yash/tunnel_gap/build/drone_simulation' returned '0': CMAKE_PREFIX_PATH=/opt/ros/humble /usr/bin/cmake --build /home/birdlab1/Yash/tunnel_gap/build/drone_simulation -- -j20 -l20
[0.452s] Invoking command in '/home/birdlab1/Yash/tunnel_gap/build/drone_simulation': CMAKE_PREFIX_PATH=/opt/ros/humble /usr/bin/cmake --install /home/birdlab1/Yash/tunnel_gap/build/drone_simulation
[0.458s] -- Install configuration: ""
[0.458s] -- Installing: /home/birdlab1/Yash/tunnel_gap/install/drone_simulation/share/drone_simulation/launch
[0.458s] -- Installing: /home/birdlab1/Yash/tunnel_gap/install/drone_simulation/share/drone_simulation/launch/gazebo.launch.py
[0.474s] -- Installing: /home/birdlab1/Yash/tunnel_gap/install/drone_simulation/share/drone_simulation/worlds
[0.474s] -- Installing: /home/birdlab1/Yash/tunnel_gap/install/drone_simulation/share/drone_simulation/worlds/narrow_gap.sdf
[0.474s] -- Installing: /home/birdlab1/Yash/tunnel_gap/install/drone_simulation/share/drone_simulation/models
[0.474s] -- Installing: /home/birdlab1/Yash/tunnel_gap/install/drone_simulation/share/drone_simulation/models/drone_description
[0.474s] -- Installing: /home/birdlab1/Yash/tunnel_gap/install/drone_simulation/share/drone_simulation/models/drone_description/meshes
[0.474s] -- Installing: /home/birdlab1/Yash/tunnel_gap/install/drone_simulation/share/drone_simulation/models/drone_description/meshes/hinge_2.STL
[0.515s] -- Installing: /home/birdlab1/Yash/tunnel_gap/install/drone_simulation/share/drone_simulation/models/drone_description/meshes/rotor_4.STL
[0.580s] -- Installing: /home/birdlab1/Yash/tunnel_gap/install/drone_simulation/share/drone_simulation/models/drone_description/meshes/rotor_3.STL
[0.602s] -- Installing: /home/birdlab1/Yash/tunnel_gap/install/drone_simulation/share/drone_simulation/models/drone_description/meshes/rotor_2.STL
[0.625s] -- Installing: /home/birdlab1/Yash/tunnel_gap/install/drone_simulation/share/drone_simulation/models/drone_description/meshes/hinge_5.STL
[0.721s] -- Installing: /home/birdlab1/Yash/tunnel_gap/install/drone_simulation/share/drone_simulation/models/drone_description/meshes/base_link.STL
[0.744s] -- Installing: /home/birdlab1/Yash/tunnel_gap/install/drone_simulation/share/drone_simulation/models/drone_description/meshes/hinge_3.STL
[0.826s] -- Installing: /home/birdlab1/Yash/tunnel_gap/install/drone_simulation/share/drone_simulation/models/drone_description/meshes/hinge_4.STL
[0.924s] -- Installing: /home/birdlab1/Yash/tunnel_gap/install/drone_simulation/share/drone_simulation/models/drone_description/meshes/rotor_5.STL
[0.937s] -- Installing: /home/birdlab1/Yash/tunnel_gap/install/drone_simulation/share/drone_simulation/models/drone_description/model.config
[0.942s] -- Installing: /home/birdlab1/Yash/tunnel_gap/install/drone_simulation/share/drone_simulation/models/drone_description/model.sdf
[0.949s] -- Installing: /home/birdlab1/Yash/tunnel_gap/install/drone_simulation/share/drone_simulation/models/materials
[0.950s] -- Installing: /home/birdlab1/Yash/tunnel_gap/install/drone_simulation/share/drone_simulation/models/materials/textures
[0.951s] -- Installing: /home/birdlab1/Yash/tunnel_gap/install/drone_simulation/share/drone_simulation/models/materials/textures/brick_wall.jpg
[0.977s] -- Installing: /home/birdlab1/Yash/tunnel_gap/install/drone_simulation/share/ament_index/resource_index/package_run_dependencies/drone_simulation
[0.977s] -- Installing: /home/birdlab1/Yash/tunnel_gap/install/drone_simulation/share/ament_index/resource_index/parent_prefix_path/drone_simulation
[0.978s] -- Installing: /home/birdlab1/Yash/tunnel_gap/install/drone_simulation/share/drone_simulation/environment/ament_prefix_path.sh
[0.980s] -- Installing: /home/birdlab1/Yash/tunnel_gap/install/drone_simulation/share/drone_simulation/environment/ament_prefix_path.dsv
[0.980s] -- Installing: /home/birdlab1/Yash/tunnel_gap/install/drone_simulation/share/drone_simulation/environment/path.sh
[0.980s] -- Installing: /home/birdlab1/Yash/tunnel_gap/install/drone_simulation/share/drone_simulation/environment/path.dsv
[0.980s] -- Installing: /home/birdlab1/Yash/tunnel_gap/install/drone_simulation/share/drone_simulation/local_setup.bash
[0.980s] -- Installing: /home/birdlab1/Yash/tunnel_gap/install/drone_simulation/share/drone_simulation/local_setup.sh
[0.981s] -- Installing: /home/birdlab1/Yash/tunnel_gap/install/drone_simulation/share/drone_simulation/local_setup.zsh
[0.981s] -- Installing: /home/birdlab1/Yash/tunnel_gap/install/drone_simulation/share/drone_simulation/local_setup.dsv
[0.981s] -- Installing: /home/birdlab1/Yash/tunnel_gap/install/drone_simulation/share/drone_simulation/package.dsv
[0.981s] -- Installing: /home/birdlab1/Yash/tunnel_gap/install/drone_simulation/share/ament_index/resource_index/packages/drone_simulation
[0.981s] -- Installing: /home/birdlab1/Yash/tunnel_gap/install/drone_simulation/share/drone_simulation/cmake/drone_simulationConfig.cmake
[0.981s] -- Installing: /home/birdlab1/Yash/tunnel_gap/install/drone_simulation/share/drone_simulation/cmake/drone_simulationConfig-version.cmake
[0.981s] -- Installing: /home/birdlab1/Yash/tunnel_gap/install/drone_simulation/share/drone_simulation/package.xml
[1.008s] Invoked command in '/home/birdlab1/Yash/tunnel_gap/build/drone_simulation' returned '0': CMAKE_PREFIX_PATH=/opt/ros/humble /usr/bin/cmake --install /home/birdlab1/Yash/tunnel_gap/build/drone_simulation
