[0.005s] Invoking command in '/home/birdlab1/Yash/real_gap/build/drone_description': CMAKE_PREFIX_PATH=/opt/ros/humble /usr/bin/cmake /home/birdlab1/Yash/real_gap/src/drone_description -DCMAKE_INSTALL_PREFIX=/home/birdlab1/Yash/real_gap/install/drone_description
[0.047s] -- The C compiler identification is GNU 11.4.0
[0.088s] -- The CXX compiler identification is GNU 11.4.0
[0.094s] -- Detecting C compiler ABI info
[0.168s] -- Detecting C compiler ABI info - done
[0.175s] -- Check for working C compiler: /usr/bin/cc - skipped
[0.175s] -- Detecting C compile features
[0.175s] -- Detecting C compile features - done
[0.177s] -- Detecting CXX compiler ABI info
[0.234s] -- Detecting CXX compiler ABI info - done
[0.238s] -- Check for working CXX compiler: /usr/bin/c++ - skipped
[0.238s] -- Detecting CXX compile features
[0.239s] -- Detecting CXX compile features - done
[0.240s] -- Found ament_cmake: 1.3.13 (/opt/ros/humble/share/ament_cmake/cmake)
[0.343s] -- Found Python3: /usr/bin/python3 (found version "3.10.12") found components: Interpreter 
[0.393s] -- Found ament_lint_auto: 0.12.15 (/opt/ros/humble/share/ament_lint_auto/cmake)
[0.458s] -- Added test 'flake8' to check Python code syntax and style conventions
[0.458s] -- Added test 'lint_cmake' to check CMake code style
[0.458s] -- Added test 'pep257' to check Python code against some of the docstring style conventions in PEP 257
[0.459s] -- Added test 'xmllint' to check XML markup files
[0.459s] -- Configuring done
[0.461s] -- Generating done
[0.461s] -- Build files have been written to: /home/birdlab1/Yash/real_gap/build/drone_description
[0.464s] Invoked command in '/home/birdlab1/Yash/real_gap/build/drone_description' returned '0': CMAKE_PREFIX_PATH=/opt/ros/humble /usr/bin/cmake /home/birdlab1/Yash/real_gap/src/drone_description -DCMAKE_INSTALL_PREFIX=/home/birdlab1/Yash/real_gap/install/drone_description
[0.464s] Invoking command in '/home/birdlab1/Yash/real_gap/build/drone_description': CMAKE_PREFIX_PATH=/opt/ros/humble /usr/bin/cmake --build /home/birdlab1/Yash/real_gap/build/drone_description -- -j20 -l20
[0.500s] Invoked command in '/home/birdlab1/Yash/real_gap/build/drone_description' returned '0': CMAKE_PREFIX_PATH=/opt/ros/humble /usr/bin/cmake --build /home/birdlab1/Yash/real_gap/build/drone_description -- -j20 -l20
[0.501s] Invoking command in '/home/birdlab1/Yash/real_gap/build/drone_description': CMAKE_PREFIX_PATH=/opt/ros/humble /usr/bin/cmake --install /home/birdlab1/Yash/real_gap/build/drone_description
[0.505s] -- Install configuration: ""
[0.505s] -- Installing: /home/birdlab1/Yash/real_gap/install/drone_description/share/drone_description/meshes
[0.505s] -- Installing: /home/birdlab1/Yash/real_gap/install/drone_description/share/drone_description/meshes/hinge_2.STL
[0.553s] -- Installing: /home/birdlab1/Yash/real_gap/install/drone_description/share/drone_description/meshes/rotor_4.STL
[0.570s] -- Installing: /home/birdlab1/Yash/real_gap/install/drone_description/share/drone_description/meshes/rotor_3.STL
[0.574s] -- Installing: /home/birdlab1/Yash/real_gap/install/drone_description/share/drone_description/meshes/rotor_2.STL
[0.580s] -- Installing: /home/birdlab1/Yash/real_gap/install/drone_description/share/drone_description/meshes/hinge_5.STL
[0.617s] -- Installing: /home/birdlab1/Yash/real_gap/install/drone_description/share/drone_description/meshes/base_link.STL
[0.630s] -- Installing: /home/birdlab1/Yash/real_gap/install/drone_description/share/drone_description/meshes/hinge_3.STL
[0.642s] -- Installing: /home/birdlab1/Yash/real_gap/install/drone_description/share/drone_description/meshes/hinge_4.STL
[0.685s] -- Installing: /home/birdlab1/Yash/real_gap/install/drone_description/share/drone_description/meshes/rotor_5.STL
[0.692s] -- Installing: /home/birdlab1/Yash/real_gap/install/drone_description/share/drone_description/urdf
[0.692s] -- Installing: /home/birdlab1/Yash/real_gap/install/drone_description/share/drone_description/urdf/reconfig_drone.csv
[0.692s] -- Installing: /home/birdlab1/Yash/real_gap/install/drone_description/share/drone_description/urdf/reconfig_drone.urdf
[0.692s] -- Installing: /home/birdlab1/Yash/real_gap/install/drone_description/share/drone_description/launch
[0.693s] -- Installing: /home/birdlab1/Yash/real_gap/install/drone_description/share/drone_description/launch/display.launch.py
[0.694s] -- Installing: /home/birdlab1/Yash/real_gap/install/drone_description/share/drone_description/config
[0.694s] -- Installing: /home/birdlab1/Yash/real_gap/install/drone_description/share/drone_description/config/controllers.yaml
[0.694s] -- Installing: /home/birdlab1/Yash/real_gap/install/drone_description/share/drone_description/config/joint_names_drone.yaml
[0.695s] -- Installing: /home/birdlab1/Yash/real_gap/install/drone_description/share/ament_index/resource_index/package_run_dependencies/drone_description
[0.695s] -- Installing: /home/birdlab1/Yash/real_gap/install/drone_description/share/ament_index/resource_index/parent_prefix_path/drone_description
[0.695s] -- Installing: /home/birdlab1/Yash/real_gap/install/drone_description/share/drone_description/environment/ament_prefix_path.sh
[0.695s] -- Installing: /home/birdlab1/Yash/real_gap/install/drone_description/share/drone_description/environment/ament_prefix_path.dsv
[0.696s] -- Installing: /home/birdlab1/Yash/real_gap/install/drone_description/share/drone_description/environment/path.sh
[0.696s] -- Installing: /home/birdlab1/Yash/real_gap/install/drone_description/share/drone_description/environment/path.dsv
[0.696s] -- Installing: /home/birdlab1/Yash/real_gap/install/drone_description/share/drone_description/local_setup.bash
[0.696s] -- Installing: /home/birdlab1/Yash/real_gap/install/drone_description/share/drone_description/local_setup.sh
[0.696s] -- Installing: /home/birdlab1/Yash/real_gap/install/drone_description/share/drone_description/local_setup.zsh
[0.696s] -- Installing: /home/birdlab1/Yash/real_gap/install/drone_description/share/drone_description/local_setup.dsv
[0.697s] -- Installing: /home/birdlab1/Yash/real_gap/install/drone_description/share/drone_description/package.dsv
[0.697s] -- Installing: /home/birdlab1/Yash/real_gap/install/drone_description/share/ament_index/resource_index/packages/drone_description
[0.697s] -- Installing: /home/birdlab1/Yash/real_gap/install/drone_description/share/drone_description/cmake/drone_descriptionConfig.cmake
[0.697s] -- Installing: /home/birdlab1/Yash/real_gap/install/drone_description/share/drone_description/cmake/drone_descriptionConfig-version.cmake
[0.697s] -- Installing: /home/birdlab1/Yash/real_gap/install/drone_description/share/drone_description/package.xml
[0.700s] Invoked command in '/home/birdlab1/Yash/real_gap/build/drone_description' returned '0': CMAKE_PREFIX_PATH=/opt/ros/humble /usr/bin/cmake --install /home/birdlab1/Yash/real_gap/build/drone_description
