[0.050s] DEBUG:colcon:Command line arguments: ['/usr/bin/colcon', 'build']
[0.050s] DEBUG:colcon:Parsed command line arguments: Namespace(log_base=None, log_level=None, verb_name='build', build_base='build', install_base='install', merge_install=False, symlink_install=False, test_result_base=None, continue_on_error=False, executor='parallel', parallel_workers=20, event_handlers=None, ignore_user_meta=False, metas=['./colcon.meta'], base_paths=['.'], packages_ignore=None, packages_ignore_regex=None, paths=None, packages_up_to=None, packages_up_to_regex=None, packages_above=None, packages_above_and_dependencies=None, packages_above_depth=None, packages_select_by_dep=None, packages_skip_by_dep=None, packages_skip_up_to=None, packages_select_build_failed=False, packages_skip_build_finished=False, packages_select_test_failures=False, packages_skip_test_passed=False, packages_select=None, packages_skip=None, packages_select_regex=None, packages_skip_regex=None, packages_start=None, packages_end=None, allow_overriding=[], cmake_args=None, cmake_target=None, cmake_target_skip_unavailable=False, cmake_clean_cache=False, cmake_clean_first=False, cmake_force_configure=False, ament_cmake_args=None, catkin_cmake_args=None, catkin_skip_building_tests=False, verb_parser=<colcon_defaults.argument_parser.defaults.DefaultArgumentsDecorator object at 0x7133b4a707c0>, verb_extension=<colcon_core.verb.build.BuildVerb object at 0x7133b4a70400>, main=<bound method BuildVerb.main of <colcon_core.verb.build.BuildVerb object at 0x7133b4a70400>>)
[0.127s] Level 1:colcon.colcon_core.package_discovery:discover_packages(colcon_meta) check parameters
[0.127s] Level 1:colcon.colcon_core.package_discovery:discover_packages(recursive) check parameters
[0.127s] Level 1:colcon.colcon_core.package_discovery:discover_packages(ignore) check parameters
[0.127s] Level 1:colcon.colcon_core.package_discovery:discover_packages(path) check parameters
[0.127s] Level 1:colcon.colcon_core.package_discovery:discover_packages(colcon_meta) discover
[0.127s] Level 1:colcon.colcon_core.package_discovery:discover_packages(recursive) discover
[0.127s] INFO:colcon.colcon_core.package_discovery:Crawling recursively for packages in '/home/birdlab1/Yash/tunnel_gap'
[0.128s] Level 1:colcon.colcon_core.package_identification:_identify(.) by extensions ['ignore', 'ignore_ament_install']
[0.128s] Level 1:colcon.colcon_core.package_identification:_identify(.) by extension 'ignore'
[0.128s] Level 1:colcon.colcon_core.package_identification:_identify(.) by extension 'ignore_ament_install'
[0.128s] Level 1:colcon.colcon_core.package_identification:_identify(.) by extensions ['colcon_pkg']
[0.128s] Level 1:colcon.colcon_core.package_identification:_identify(.) by extension 'colcon_pkg'
[0.128s] Level 1:colcon.colcon_core.package_identification:_identify(.) by extensions ['colcon_meta']
[0.128s] Level 1:colcon.colcon_core.package_identification:_identify(.) by extension 'colcon_meta'
[0.128s] Level 1:colcon.colcon_core.package_identification:_identify(.) by extensions ['ros']
[0.128s] Level 1:colcon.colcon_core.package_identification:_identify(.) by extension 'ros'
[0.144s] Level 1:colcon.colcon_core.package_identification:_identify(.) by extensions ['cmake', 'python']
[0.144s] Level 1:colcon.colcon_core.package_identification:_identify(.) by extension 'cmake'
[0.144s] Level 1:colcon.colcon_core.package_identification:_identify(.) by extension 'python'
[0.144s] Level 1:colcon.colcon_core.package_identification:_identify(.) by extensions ['python_setup_py']
[0.144s] Level 1:colcon.colcon_core.package_identification:_identify(.) by extension 'python_setup_py'
[0.144s] Level 1:colcon.colcon_core.package_identification:_identify(build) by extensions ['ignore', 'ignore_ament_install']
[0.144s] Level 1:colcon.colcon_core.package_identification:_identify(build) by extension 'ignore'
[0.144s] Level 1:colcon.colcon_core.package_identification:_identify(build) ignored
[0.144s] Level 1:colcon.colcon_core.package_identification:_identify(install) by extensions ['ignore', 'ignore_ament_install']
[0.144s] Level 1:colcon.colcon_core.package_identification:_identify(install) by extension 'ignore'
[0.144s] Level 1:colcon.colcon_core.package_identification:_identify(install) ignored
[0.144s] Level 1:colcon.colcon_core.package_identification:_identify(log) by extensions ['ignore', 'ignore_ament_install']
[0.144s] Level 1:colcon.colcon_core.package_identification:_identify(log) by extension 'ignore'
[0.144s] Level 1:colcon.colcon_core.package_identification:_identify(log) ignored
[0.144s] Level 1:colcon.colcon_core.package_identification:_identify(src) by extensions ['ignore', 'ignore_ament_install']
[0.144s] Level 1:colcon.colcon_core.package_identification:_identify(src) by extension 'ignore'
[0.144s] Level 1:colcon.colcon_core.package_identification:_identify(src) by extension 'ignore_ament_install'
[0.144s] Level 1:colcon.colcon_core.package_identification:_identify(src) by extensions ['colcon_pkg']
[0.144s] Level 1:colcon.colcon_core.package_identification:_identify(src) by extension 'colcon_pkg'
[0.144s] Level 1:colcon.colcon_core.package_identification:_identify(src) by extensions ['colcon_meta']
[0.144s] Level 1:colcon.colcon_core.package_identification:_identify(src) by extension 'colcon_meta'
[0.145s] Level 1:colcon.colcon_core.package_identification:_identify(src) by extensions ['ros']
[0.145s] Level 1:colcon.colcon_core.package_identification:_identify(src) by extension 'ros'
[0.145s] Level 1:colcon.colcon_core.package_identification:_identify(src) by extensions ['cmake', 'python']
[0.145s] Level 1:colcon.colcon_core.package_identification:_identify(src) by extension 'cmake'
[0.145s] Level 1:colcon.colcon_core.package_identification:_identify(src) by extension 'python'
[0.145s] Level 1:colcon.colcon_core.package_identification:_identify(src) by extensions ['python_setup_py']
[0.145s] Level 1:colcon.colcon_core.package_identification:_identify(src) by extension 'python_setup_py'
[0.145s] Level 1:colcon.colcon_core.package_identification:_identify(src/drone_description) by extensions ['ignore', 'ignore_ament_install']
[0.145s] Level 1:colcon.colcon_core.package_identification:_identify(src/drone_description) by extension 'ignore'
[0.145s] Level 1:colcon.colcon_core.package_identification:_identify(src/drone_description) by extension 'ignore_ament_install'
[0.145s] Level 1:colcon.colcon_core.package_identification:_identify(src/drone_description) by extensions ['colcon_pkg']
[0.145s] Level 1:colcon.colcon_core.package_identification:_identify(src/drone_description) by extension 'colcon_pkg'
[0.145s] Level 1:colcon.colcon_core.package_identification:_identify(src/drone_description) by extensions ['colcon_meta']
[0.145s] Level 1:colcon.colcon_core.package_identification:_identify(src/drone_description) by extension 'colcon_meta'
[0.145s] Level 1:colcon.colcon_core.package_identification:_identify(src/drone_description) by extensions ['ros']
[0.145s] Level 1:colcon.colcon_core.package_identification:_identify(src/drone_description) by extension 'ros'
[0.163s] DEBUG:colcon.colcon_core.package_identification:Package 'src/drone_description' with type 'ros.ament_cmake' and name 'drone_description'
[0.163s] Level 1:colcon.colcon_core.package_identification:_identify(src/drone_simulation) by extensions ['ignore', 'ignore_ament_install']
[0.163s] Level 1:colcon.colcon_core.package_identification:_identify(src/drone_simulation) by extension 'ignore'
[0.163s] Level 1:colcon.colcon_core.package_identification:_identify(src/drone_simulation) by extension 'ignore_ament_install'
[0.163s] Level 1:colcon.colcon_core.package_identification:_identify(src/drone_simulation) by extensions ['colcon_pkg']
[0.163s] Level 1:colcon.colcon_core.package_identification:_identify(src/drone_simulation) by extension 'colcon_pkg'
[0.163s] Level 1:colcon.colcon_core.package_identification:_identify(src/drone_simulation) by extensions ['colcon_meta']
[0.163s] Level 1:colcon.colcon_core.package_identification:_identify(src/drone_simulation) by extension 'colcon_meta'
[0.163s] Level 1:colcon.colcon_core.package_identification:_identify(src/drone_simulation) by extensions ['ros']
[0.163s] Level 1:colcon.colcon_core.package_identification:_identify(src/drone_simulation) by extension 'ros'
[0.164s] DEBUG:colcon.colcon_core.package_identification:Package 'src/drone_simulation' with type 'ros.ament_cmake' and name 'drone_simulation'
[0.164s] Level 1:colcon.colcon_core.package_discovery:discover_packages(recursive) using defaults
[0.164s] Level 1:colcon.colcon_core.package_discovery:discover_packages(ignore) discover
[0.164s] Level 1:colcon.colcon_core.package_discovery:discover_packages(ignore) using defaults
[0.164s] Level 1:colcon.colcon_core.package_discovery:discover_packages(path) discover
[0.164s] Level 1:colcon.colcon_core.package_discovery:discover_packages(path) using defaults
[0.173s] Level 1:colcon.colcon_core.package_discovery:discover_packages(prefix_path) check parameters
[0.173s] Level 1:colcon.colcon_core.package_discovery:discover_packages(prefix_path) discover
[0.174s] DEBUG:colcon.colcon_installed_package_information.package_discovery:Found 347 installed packages in /opt/ros/humble
[0.175s] Level 1:colcon.colcon_core.package_discovery:discover_packages(prefix_path) using defaults
[0.194s] Level 5:colcon.colcon_core.verb:set package 'drone_description' build argument 'cmake_args' from command line to 'None'
[0.194s] Level 5:colcon.colcon_core.verb:set package 'drone_description' build argument 'cmake_target' from command line to 'None'
[0.194s] Level 5:colcon.colcon_core.verb:set package 'drone_description' build argument 'cmake_target_skip_unavailable' from command line to 'False'
[0.194s] Level 5:colcon.colcon_core.verb:set package 'drone_description' build argument 'cmake_clean_cache' from command line to 'False'
[0.194s] Level 5:colcon.colcon_core.verb:set package 'drone_description' build argument 'cmake_clean_first' from command line to 'False'
[0.194s] Level 5:colcon.colcon_core.verb:set package 'drone_description' build argument 'cmake_force_configure' from command line to 'False'
[0.194s] Level 5:colcon.colcon_core.verb:set package 'drone_description' build argument 'ament_cmake_args' from command line to 'None'
[0.194s] Level 5:colcon.colcon_core.verb:set package 'drone_description' build argument 'catkin_cmake_args' from command line to 'None'
[0.194s] Level 5:colcon.colcon_core.verb:set package 'drone_description' build argument 'catkin_skip_building_tests' from command line to 'False'
[0.194s] DEBUG:colcon.colcon_core.verb:Building package 'drone_description' with the following arguments: {'ament_cmake_args': None, 'build_base': '/home/birdlab1/Yash/tunnel_gap/build/drone_description', 'catkin_cmake_args': None, 'catkin_skip_building_tests': False, 'cmake_args': None, 'cmake_clean_cache': False, 'cmake_clean_first': False, 'cmake_force_configure': False, 'cmake_target': None, 'cmake_target_skip_unavailable': False, 'install_base': '/home/birdlab1/Yash/tunnel_gap/install/drone_description', 'merge_install': False, 'path': '/home/birdlab1/Yash/tunnel_gap/src/drone_description', 'symlink_install': False, 'test_result_base': None}
[0.194s] Level 5:colcon.colcon_core.verb:set package 'drone_simulation' build argument 'cmake_args' from command line to 'None'
[0.194s] Level 5:colcon.colcon_core.verb:set package 'drone_simulation' build argument 'cmake_target' from command line to 'None'
[0.194s] Level 5:colcon.colcon_core.verb:set package 'drone_simulation' build argument 'cmake_target_skip_unavailable' from command line to 'False'
[0.194s] Level 5:colcon.colcon_core.verb:set package 'drone_simulation' build argument 'cmake_clean_cache' from command line to 'False'
[0.194s] Level 5:colcon.colcon_core.verb:set package 'drone_simulation' build argument 'cmake_clean_first' from command line to 'False'
[0.194s] Level 5:colcon.colcon_core.verb:set package 'drone_simulation' build argument 'cmake_force_configure' from command line to 'False'
[0.194s] Level 5:colcon.colcon_core.verb:set package 'drone_simulation' build argument 'ament_cmake_args' from command line to 'None'
[0.194s] Level 5:colcon.colcon_core.verb:set package 'drone_simulation' build argument 'catkin_cmake_args' from command line to 'None'
[0.194s] Level 5:colcon.colcon_core.verb:set package 'drone_simulation' build argument 'catkin_skip_building_tests' from command line to 'False'
[0.194s] DEBUG:colcon.colcon_core.verb:Building package 'drone_simulation' with the following arguments: {'ament_cmake_args': None, 'build_base': '/home/birdlab1/Yash/tunnel_gap/build/drone_simulation', 'catkin_cmake_args': None, 'catkin_skip_building_tests': False, 'cmake_args': None, 'cmake_clean_cache': False, 'cmake_clean_first': False, 'cmake_force_configure': False, 'cmake_target': None, 'cmake_target_skip_unavailable': False, 'install_base': '/home/birdlab1/Yash/tunnel_gap/install/drone_simulation', 'merge_install': False, 'path': '/home/birdlab1/Yash/tunnel_gap/src/drone_simulation', 'symlink_install': False, 'test_result_base': None}
[0.195s] INFO:colcon.colcon_core.executor:Executing jobs using 'parallel' executor
[0.195s] DEBUG:colcon.colcon_parallel_executor.executor.parallel:run_until_complete
[0.195s] INFO:colcon.colcon_ros.task.ament_cmake.build:Building ROS package in '/home/birdlab1/Yash/tunnel_gap/src/drone_description' with build type 'ament_cmake'
[0.196s] INFO:colcon.colcon_cmake.task.cmake.build:Building CMake package in '/home/birdlab1/Yash/tunnel_gap/src/drone_description'
[0.196s] INFO:colcon.colcon_core.plugin_system:Skipping extension 'colcon_core.shell.bat': Not used on non-Windows systems
[0.196s] INFO:colcon.colcon_core.shell:Skip shell extension 'powershell' for command environment: Not usable outside of PowerShell
[0.196s] DEBUG:colcon.colcon_core.shell:Skip shell extension 'dsv' for command environment
[0.198s] INFO:colcon.colcon_ros.task.ament_cmake.build:Building ROS package in '/home/birdlab1/Yash/tunnel_gap/src/drone_simulation' with build type 'ament_cmake'
[0.198s] INFO:colcon.colcon_cmake.task.cmake.build:Building CMake package in '/home/birdlab1/Yash/tunnel_gap/src/drone_simulation'
[0.198s] INFO:colcon.colcon_core.shell:Skip shell extension 'powershell' for command environment: Not usable outside of PowerShell
[0.198s] DEBUG:colcon.colcon_core.shell:Skip shell extension 'dsv' for command environment
[0.202s] DEBUG:colcon.colcon_core.event_handler.log_command:Invoking command in '/home/birdlab1/Yash/tunnel_gap/build/drone_description': CMAKE_PREFIX_PATH=/opt/ros/humble /usr/bin/cmake /home/birdlab1/Yash/tunnel_gap/src/drone_description -DCMAKE_INSTALL_PREFIX=/home/birdlab1/Yash/tunnel_gap/install/drone_description
[0.203s] DEBUG:colcon.colcon_core.event_handler.log_command:Invoking command in '/home/birdlab1/Yash/tunnel_gap/build/drone_simulation': CMAKE_PREFIX_PATH=/opt/ros/humble /usr/bin/cmake /home/birdlab1/Yash/tunnel_gap/src/drone_simulation -DCMAKE_INSTALL_PREFIX=/home/birdlab1/Yash/tunnel_gap/install/drone_simulation
[0.618s] DEBUG:colcon.colcon_core.event_handler.log_command:Invoked command in '/home/birdlab1/Yash/tunnel_gap/build/drone_description' returned '0': CMAKE_PREFIX_PATH=/opt/ros/humble /usr/bin/cmake /home/birdlab1/Yash/tunnel_gap/src/drone_description -DCMAKE_INSTALL_PREFIX=/home/birdlab1/Yash/tunnel_gap/install/drone_description
[0.620s] DEBUG:colcon.colcon_core.event_handler.log_command:Invoking command in '/home/birdlab1/Yash/tunnel_gap/build/drone_description': CMAKE_PREFIX_PATH=/opt/ros/humble /usr/bin/cmake --build /home/birdlab1/Yash/tunnel_gap/build/drone_description -- -j20 -l20
[0.620s] DEBUG:colcon.colcon_core.event_handler.log_command:Invoked command in '/home/birdlab1/Yash/tunnel_gap/build/drone_simulation' returned '0': CMAKE_PREFIX_PATH=/opt/ros/humble /usr/bin/cmake /home/birdlab1/Yash/tunnel_gap/src/drone_simulation -DCMAKE_INSTALL_PREFIX=/home/birdlab1/Yash/tunnel_gap/install/drone_simulation
[0.621s] DEBUG:colcon.colcon_core.event_handler.log_command:Invoking command in '/home/birdlab1/Yash/tunnel_gap/build/drone_simulation': CMAKE_PREFIX_PATH=/opt/ros/humble /usr/bin/cmake --build /home/birdlab1/Yash/tunnel_gap/build/drone_simulation -- -j20 -l20
[0.644s] DEBUG:colcon.colcon_core.event_handler.log_command:Invoked command in '/home/birdlab1/Yash/tunnel_gap/build/drone_description' returned '0': CMAKE_PREFIX_PATH=/opt/ros/humble /usr/bin/cmake --build /home/birdlab1/Yash/tunnel_gap/build/drone_description -- -j20 -l20
[0.649s] DEBUG:colcon.colcon_core.event_handler.log_command:Invoking command in '/home/birdlab1/Yash/tunnel_gap/build/drone_description': CMAKE_PREFIX_PATH=/opt/ros/humble /usr/bin/cmake --install /home/birdlab1/Yash/tunnel_gap/build/drone_description
[0.650s] DEBUG:colcon.colcon_core.event_handler.log_command:Invoked command in '/home/birdlab1/Yash/tunnel_gap/build/drone_simulation' returned '0': CMAKE_PREFIX_PATH=/opt/ros/humble /usr/bin/cmake --build /home/birdlab1/Yash/tunnel_gap/build/drone_simulation -- -j20 -l20
[0.650s] DEBUG:colcon.colcon_core.event_handler.log_command:Invoking command in '/home/birdlab1/Yash/tunnel_gap/build/drone_simulation': CMAKE_PREFIX_PATH=/opt/ros/humble /usr/bin/cmake --install /home/birdlab1/Yash/tunnel_gap/build/drone_simulation
[1.177s] Level 1:colcon.colcon_core.environment:create_environment_scripts_only(drone_description)
[1.178s] DEBUG:colcon.colcon_core.event_handler.log_command:Invoked command in '/home/birdlab1/Yash/tunnel_gap/build/drone_description' returned '0': CMAKE_PREFIX_PATH=/opt/ros/humble /usr/bin/cmake --install /home/birdlab1/Yash/tunnel_gap/build/drone_description
[1.185s] Level 1:colcon.colcon_core.environment:checking '/home/birdlab1/Yash/tunnel_gap/install/drone_description' for CMake module files
[1.186s] Level 1:colcon.colcon_core.environment:checking '/home/birdlab1/Yash/tunnel_gap/install/drone_description' for CMake config files
[1.186s] Level 1:colcon.colcon_core.shell:create_environment_hook('drone_description', 'cmake_prefix_path')
[1.187s] INFO:colcon.colcon_core.shell:Creating environment hook '/home/birdlab1/Yash/tunnel_gap/install/drone_description/share/drone_description/hook/cmake_prefix_path.ps1'
[1.188s] INFO:colcon.colcon_core.shell:Creating environment descriptor '/home/birdlab1/Yash/tunnel_gap/install/drone_description/share/drone_description/hook/cmake_prefix_path.dsv'
[1.189s] INFO:colcon.colcon_core.shell:Creating environment hook '/home/birdlab1/Yash/tunnel_gap/install/drone_description/share/drone_description/hook/cmake_prefix_path.sh'
[1.191s] Level 1:colcon.colcon_core.environment:checking '/home/birdlab1/Yash/tunnel_gap/install/drone_description/bin'
[1.191s] Level 1:colcon.colcon_core.environment:checking '/home/birdlab1/Yash/tunnel_gap/install/drone_description/lib/pkgconfig/drone_description.pc'
[1.192s] Level 1:colcon.colcon_core.environment:checking '/home/birdlab1/Yash/tunnel_gap/install/drone_description/lib/python3.10/site-packages'
[1.193s] Level 1:colcon.colcon_core.environment:checking '/home/birdlab1/Yash/tunnel_gap/install/drone_description/bin'
[1.193s] INFO:colcon.colcon_core.shell:Creating package script '/home/birdlab1/Yash/tunnel_gap/install/drone_description/share/drone_description/package.ps1'
[1.195s] INFO:colcon.colcon_core.shell:Creating package descriptor '/home/birdlab1/Yash/tunnel_gap/install/drone_description/share/drone_description/package.dsv'
[1.196s] INFO:colcon.colcon_core.shell:Creating package script '/home/birdlab1/Yash/tunnel_gap/install/drone_description/share/drone_description/package.sh'
[1.198s] INFO:colcon.colcon_core.shell:Creating package script '/home/birdlab1/Yash/tunnel_gap/install/drone_description/share/drone_description/package.bash'
[1.199s] INFO:colcon.colcon_core.shell:Creating package script '/home/birdlab1/Yash/tunnel_gap/install/drone_description/share/drone_description/package.zsh'
[1.200s] Level 1:colcon.colcon_core.environment:create_file_with_runtime_dependencies(/home/birdlab1/Yash/tunnel_gap/install/drone_description/share/colcon-core/packages/drone_description)
[1.201s] Level 1:colcon.colcon_core.environment:create_environment_scripts_only(drone_description)
[1.201s] Level 1:colcon.colcon_core.environment:checking '/home/birdlab1/Yash/tunnel_gap/install/drone_description' for CMake module files
[1.201s] Level 1:colcon.colcon_core.environment:checking '/home/birdlab1/Yash/tunnel_gap/install/drone_description' for CMake config files
[1.202s] Level 1:colcon.colcon_core.shell:create_environment_hook('drone_description', 'cmake_prefix_path')
[1.202s] INFO:colcon.colcon_core.shell:Creating environment hook '/home/birdlab1/Yash/tunnel_gap/install/drone_description/share/drone_description/hook/cmake_prefix_path.ps1'
[1.202s] INFO:colcon.colcon_core.shell:Creating environment descriptor '/home/birdlab1/Yash/tunnel_gap/install/drone_description/share/drone_description/hook/cmake_prefix_path.dsv'
[1.202s] INFO:colcon.colcon_core.shell:Creating environment hook '/home/birdlab1/Yash/tunnel_gap/install/drone_description/share/drone_description/hook/cmake_prefix_path.sh'
[1.203s] Level 1:colcon.colcon_core.environment:checking '/home/birdlab1/Yash/tunnel_gap/install/drone_description/bin'
[1.203s] Level 1:colcon.colcon_core.environment:checking '/home/birdlab1/Yash/tunnel_gap/install/drone_description/lib/pkgconfig/drone_description.pc'
[1.203s] Level 1:colcon.colcon_core.environment:checking '/home/birdlab1/Yash/tunnel_gap/install/drone_description/lib/python3.10/site-packages'
[1.203s] Level 1:colcon.colcon_core.environment:checking '/home/birdlab1/Yash/tunnel_gap/install/drone_description/bin'
[1.204s] INFO:colcon.colcon_core.shell:Creating package script '/home/birdlab1/Yash/tunnel_gap/install/drone_description/share/drone_description/package.ps1'
[1.204s] INFO:colcon.colcon_core.shell:Creating package descriptor '/home/birdlab1/Yash/tunnel_gap/install/drone_description/share/drone_description/package.dsv'
[1.204s] INFO:colcon.colcon_core.shell:Creating package script '/home/birdlab1/Yash/tunnel_gap/install/drone_description/share/drone_description/package.sh'
[1.205s] INFO:colcon.colcon_core.shell:Creating package script '/home/birdlab1/Yash/tunnel_gap/install/drone_description/share/drone_description/package.bash'
[1.205s] INFO:colcon.colcon_core.shell:Creating package script '/home/birdlab1/Yash/tunnel_gap/install/drone_description/share/drone_description/package.zsh'
[1.205s] Level 1:colcon.colcon_core.environment:create_file_with_runtime_dependencies(/home/birdlab1/Yash/tunnel_gap/install/drone_description/share/colcon-core/packages/drone_description)
[1.206s] Level 1:colcon.colcon_core.environment:create_environment_scripts_only(drone_simulation)
[1.206s] Level 1:colcon.colcon_core.environment:checking '/home/birdlab1/Yash/tunnel_gap/install/drone_simulation' for CMake module files
[1.206s] DEBUG:colcon.colcon_core.event_handler.log_command:Invoked command in '/home/birdlab1/Yash/tunnel_gap/build/drone_simulation' returned '0': CMAKE_PREFIX_PATH=/opt/ros/humble /usr/bin/cmake --install /home/birdlab1/Yash/tunnel_gap/build/drone_simulation
[1.206s] Level 1:colcon.colcon_core.environment:checking '/home/birdlab1/Yash/tunnel_gap/install/drone_simulation' for CMake config files
[1.206s] Level 1:colcon.colcon_core.shell:create_environment_hook('drone_simulation', 'cmake_prefix_path')
[1.207s] INFO:colcon.colcon_core.shell:Creating environment hook '/home/birdlab1/Yash/tunnel_gap/install/drone_simulation/share/drone_simulation/hook/cmake_prefix_path.ps1'
[1.207s] INFO:colcon.colcon_core.shell:Creating environment descriptor '/home/birdlab1/Yash/tunnel_gap/install/drone_simulation/share/drone_simulation/hook/cmake_prefix_path.dsv'
[1.207s] INFO:colcon.colcon_core.shell:Creating environment hook '/home/birdlab1/Yash/tunnel_gap/install/drone_simulation/share/drone_simulation/hook/cmake_prefix_path.sh'
[1.207s] Level 1:colcon.colcon_core.environment:checking '/home/birdlab1/Yash/tunnel_gap/install/drone_simulation/bin'
[1.207s] Level 1:colcon.colcon_core.environment:checking '/home/birdlab1/Yash/tunnel_gap/install/drone_simulation/lib/pkgconfig/drone_simulation.pc'
[1.207s] Level 1:colcon.colcon_core.environment:checking '/home/birdlab1/Yash/tunnel_gap/install/drone_simulation/lib/python3.10/site-packages'
[1.207s] Level 1:colcon.colcon_core.environment:checking '/home/birdlab1/Yash/tunnel_gap/install/drone_simulation/bin'
[1.208s] INFO:colcon.colcon_core.shell:Creating package script '/home/birdlab1/Yash/tunnel_gap/install/drone_simulation/share/drone_simulation/package.ps1'
[1.208s] INFO:colcon.colcon_core.shell:Creating package descriptor '/home/birdlab1/Yash/tunnel_gap/install/drone_simulation/share/drone_simulation/package.dsv'
[1.208s] INFO:colcon.colcon_core.shell:Creating package script '/home/birdlab1/Yash/tunnel_gap/install/drone_simulation/share/drone_simulation/package.sh'
[1.208s] INFO:colcon.colcon_core.shell:Creating package script '/home/birdlab1/Yash/tunnel_gap/install/drone_simulation/share/drone_simulation/package.bash'
[1.208s] INFO:colcon.colcon_core.shell:Creating package script '/home/birdlab1/Yash/tunnel_gap/install/drone_simulation/share/drone_simulation/package.zsh'
[1.208s] Level 1:colcon.colcon_core.environment:create_file_with_runtime_dependencies(/home/birdlab1/Yash/tunnel_gap/install/drone_simulation/share/colcon-core/packages/drone_simulation)
[1.209s] Level 1:colcon.colcon_core.environment:create_environment_scripts_only(drone_simulation)
[1.209s] Level 1:colcon.colcon_core.environment:checking '/home/birdlab1/Yash/tunnel_gap/install/drone_simulation' for CMake module files
[1.209s] Level 1:colcon.colcon_core.environment:checking '/home/birdlab1/Yash/tunnel_gap/install/drone_simulation' for CMake config files
[1.209s] Level 1:colcon.colcon_core.shell:create_environment_hook('drone_simulation', 'cmake_prefix_path')
[1.209s] INFO:colcon.colcon_core.shell:Creating environment hook '/home/birdlab1/Yash/tunnel_gap/install/drone_simulation/share/drone_simulation/hook/cmake_prefix_path.ps1'
[1.209s] INFO:colcon.colcon_core.shell:Creating environment descriptor '/home/birdlab1/Yash/tunnel_gap/install/drone_simulation/share/drone_simulation/hook/cmake_prefix_path.dsv'
[1.210s] INFO:colcon.colcon_core.shell:Creating environment hook '/home/birdlab1/Yash/tunnel_gap/install/drone_simulation/share/drone_simulation/hook/cmake_prefix_path.sh'
[1.210s] Level 1:colcon.colcon_core.environment:checking '/home/birdlab1/Yash/tunnel_gap/install/drone_simulation/bin'
[1.210s] Level 1:colcon.colcon_core.environment:checking '/home/birdlab1/Yash/tunnel_gap/install/drone_simulation/lib/pkgconfig/drone_simulation.pc'
[1.210s] Level 1:colcon.colcon_core.environment:checking '/home/birdlab1/Yash/tunnel_gap/install/drone_simulation/lib/python3.10/site-packages'
[1.210s] Level 1:colcon.colcon_core.environment:checking '/home/birdlab1/Yash/tunnel_gap/install/drone_simulation/bin'
[1.210s] INFO:colcon.colcon_core.shell:Creating package script '/home/birdlab1/Yash/tunnel_gap/install/drone_simulation/share/drone_simulation/package.ps1'
[1.210s] INFO:colcon.colcon_core.shell:Creating package descriptor '/home/birdlab1/Yash/tunnel_gap/install/drone_simulation/share/drone_simulation/package.dsv'
[1.211s] INFO:colcon.colcon_core.shell:Creating package script '/home/birdlab1/Yash/tunnel_gap/install/drone_simulation/share/drone_simulation/package.sh'
[1.211s] INFO:colcon.colcon_core.shell:Creating package script '/home/birdlab1/Yash/tunnel_gap/install/drone_simulation/share/drone_simulation/package.bash'
[1.211s] INFO:colcon.colcon_core.shell:Creating package script '/home/birdlab1/Yash/tunnel_gap/install/drone_simulation/share/drone_simulation/package.zsh'
[1.211s] Level 1:colcon.colcon_core.environment:create_file_with_runtime_dependencies(/home/birdlab1/Yash/tunnel_gap/install/drone_simulation/share/colcon-core/packages/drone_simulation)
[1.211s] DEBUG:colcon.colcon_parallel_executor.executor.parallel:closing loop
[1.211s] DEBUG:colcon.colcon_parallel_executor.executor.parallel:loop closed
[1.211s] DEBUG:colcon.colcon_parallel_executor.executor.parallel:run_until_complete finished with '0'
[1.211s] DEBUG:colcon.colcon_core.event_reactor:joining thread
[1.214s] INFO:colcon.colcon_core.plugin_system:Skipping extension 'colcon_notification.desktop_notification.terminal_notifier': Not used on non-Darwin systems
[1.214s] INFO:colcon.colcon_core.plugin_system:Skipping extension 'colcon_notification.desktop_notification.win32': Not used on non-Windows systems
[1.214s] INFO:colcon.colcon_notification.desktop_notification:Sending desktop notification using 'notify2'
[1.220s] DEBUG:colcon.colcon_core.event_reactor:joined thread
[1.220s] INFO:colcon.colcon_core.shell:Creating prefix script '/home/birdlab1/Yash/tunnel_gap/install/local_setup.ps1'
[1.220s] INFO:colcon.colcon_core.shell:Creating prefix util module '/home/birdlab1/Yash/tunnel_gap/install/_local_setup_util_ps1.py'
[1.221s] INFO:colcon.colcon_core.shell:Creating prefix chain script '/home/birdlab1/Yash/tunnel_gap/install/setup.ps1'
[1.221s] INFO:colcon.colcon_core.shell:Creating prefix script '/home/birdlab1/Yash/tunnel_gap/install/local_setup.sh'
[1.222s] INFO:colcon.colcon_core.shell:Creating prefix util module '/home/birdlab1/Yash/tunnel_gap/install/_local_setup_util_sh.py'
[1.222s] INFO:colcon.colcon_core.shell:Creating prefix chain script '/home/birdlab1/Yash/tunnel_gap/install/setup.sh'
[1.222s] INFO:colcon.colcon_core.shell:Creating prefix script '/home/birdlab1/Yash/tunnel_gap/install/local_setup.bash'
[1.222s] INFO:colcon.colcon_core.shell:Creating prefix chain script '/home/birdlab1/Yash/tunnel_gap/install/setup.bash'
[1.223s] INFO:colcon.colcon_core.shell:Creating prefix script '/home/birdlab1/Yash/tunnel_gap/install/local_setup.zsh'
[1.223s] INFO:colcon.colcon_core.shell:Creating prefix chain script '/home/birdlab1/Yash/tunnel_gap/install/setup.zsh'
