[0.006s] Invoking command in '/home/birdlab1/Yash/ng_gravity/build/drone_description': CMAKE_PREFIX_PATH=/opt/ros/humble /usr/bin/cmake /home/birdlab1/Yash/ng_gravity/src/drone_description -DCMAKE_INSTALL_PREFIX=/home/birdlab1/Yash/ng_gravity/install/drone_description
[0.052s] -- The C compiler identification is GNU 11.4.0
[0.084s] -- The CXX compiler identification is GNU 11.4.0
[0.088s] -- Detecting C compiler ABI info
[0.140s] -- Detecting C compiler ABI info - done
[0.144s] -- Check for working C compiler: /usr/bin/cc - skipped
[0.144s] -- Detecting C compile features
[0.145s] -- Detecting C compile features - done
[0.146s] -- Detecting CXX compiler ABI info
[0.196s] -- Detecting CXX compiler ABI info - done
[0.203s] -- Check for working CXX compiler: /usr/bin/c++ - skipped
[0.203s] -- Detecting CXX compile features
[0.204s] -- Detecting CXX compile features - done
[0.205s] -- Found ament_cmake: 1.3.13 (/opt/ros/humble/share/ament_cmake/cmake)
[0.304s] -- Found Python3: /usr/bin/python3 (found version "3.10.12") found components: Interpreter 
[0.353s] -- Found ament_lint_auto: 0.12.15 (/opt/ros/humble/share/ament_lint_auto/cmake)
[0.437s] -- Added test 'flake8' to check Python code syntax and style conventions
[0.439s] -- Added test 'lint_cmake' to check CMake code style
[0.440s] -- Added test 'pep257' to check Python code against some of the docstring style conventions in PEP 257
[0.443s] -- Added test 'xmllint' to check XML markup files
[0.444s] -- Configuring done
[0.448s] -- Generating done
[0.450s] -- Build files have been written to: /home/birdlab1/Yash/ng_gravity/build/drone_description
[0.454s] Invoked command in '/home/birdlab1/Yash/ng_gravity/build/drone_description' returned '0': CMAKE_PREFIX_PATH=/opt/ros/humble /usr/bin/cmake /home/birdlab1/Yash/ng_gravity/src/drone_description -DCMAKE_INSTALL_PREFIX=/home/birdlab1/Yash/ng_gravity/install/drone_description
[0.456s] Invoking command in '/home/birdlab1/Yash/ng_gravity/build/drone_description': CMAKE_PREFIX_PATH=/opt/ros/humble /usr/bin/cmake --build /home/birdlab1/Yash/ng_gravity/build/drone_description -- -j20 -l20
[0.511s] Invoked command in '/home/birdlab1/Yash/ng_gravity/build/drone_description' returned '0': CMAKE_PREFIX_PATH=/opt/ros/humble /usr/bin/cmake --build /home/birdlab1/Yash/ng_gravity/build/drone_description -- -j20 -l20
[0.513s] Invoking command in '/home/birdlab1/Yash/ng_gravity/build/drone_description': CMAKE_PREFIX_PATH=/opt/ros/humble /usr/bin/cmake --install /home/birdlab1/Yash/ng_gravity/build/drone_description
[0.528s] -- Install configuration: ""
[0.529s] -- Installing: /home/birdlab1/Yash/ng_gravity/install/drone_description/share/drone_description/meshes
[0.529s] -- Installing: /home/birdlab1/Yash/ng_gravity/install/drone_description/share/drone_description/meshes/hinge_2.STL
[0.567s] -- Installing: /home/birdlab1/Yash/ng_gravity/install/drone_description/share/drone_description/meshes/rotor_4.STL
[0.595s] -- Installing: /home/birdlab1/Yash/ng_gravity/install/drone_description/share/drone_description/meshes/rotor_3.STL
[0.604s] -- Installing: /home/birdlab1/Yash/ng_gravity/install/drone_description/share/drone_description/meshes/rotor_2.STL
[0.606s] -- Installing: /home/birdlab1/Yash/ng_gravity/install/drone_description/share/drone_description/meshes/hinge_5.STL
[0.644s] -- Installing: /home/birdlab1/Yash/ng_gravity/install/drone_description/share/drone_description/meshes/base_link.STL
[0.677s] -- Installing: /home/birdlab1/Yash/ng_gravity/install/drone_description/share/drone_description/meshes/hinge_3.STL
[0.721s] -- Installing: /home/birdlab1/Yash/ng_gravity/install/drone_description/share/drone_description/meshes/hinge_4.STL
[0.788s] -- Installing: /home/birdlab1/Yash/ng_gravity/install/drone_description/share/drone_description/meshes/rotor_5.STL
[0.819s] -- Installing: /home/birdlab1/Yash/ng_gravity/install/drone_description/share/drone_description/urdf
[0.819s] -- Installing: /home/birdlab1/Yash/ng_gravity/install/drone_description/share/drone_description/urdf/reconfig_drone.csv
[0.820s] -- Installing: /home/birdlab1/Yash/ng_gravity/install/drone_description/share/drone_description/urdf/reconfig_drone.urdf
[0.821s] -- Installing: /home/birdlab1/Yash/ng_gravity/install/drone_description/share/drone_description/launch
[0.822s] -- Installing: /home/birdlab1/Yash/ng_gravity/install/drone_description/share/drone_description/launch/display.launch.py
[0.823s] -- Installing: /home/birdlab1/Yash/ng_gravity/install/drone_description/share/drone_description/config
[0.823s] -- Installing: /home/birdlab1/Yash/ng_gravity/install/drone_description/share/drone_description/config/controllers.yaml
[0.825s] -- Installing: /home/birdlab1/Yash/ng_gravity/install/drone_description/share/drone_description/config/joint_names_drone.yaml
[0.827s] -- Installing: /home/birdlab1/Yash/ng_gravity/install/drone_description/share/ament_index/resource_index/package_run_dependencies/drone_description
[0.828s] -- Installing: /home/birdlab1/Yash/ng_gravity/install/drone_description/share/ament_index/resource_index/parent_prefix_path/drone_description
[0.828s] -- Installing: /home/birdlab1/Yash/ng_gravity/install/drone_description/share/drone_description/environment/ament_prefix_path.sh
[0.829s] -- Installing: /home/birdlab1/Yash/ng_gravity/install/drone_description/share/drone_description/environment/ament_prefix_path.dsv
[0.829s] -- Installing: /home/birdlab1/Yash/ng_gravity/install/drone_description/share/drone_description/environment/path.sh
[0.830s] -- Installing: /home/birdlab1/Yash/ng_gravity/install/drone_description/share/drone_description/environment/path.dsv
[0.830s] -- Installing: /home/birdlab1/Yash/ng_gravity/install/drone_description/share/drone_description/local_setup.bash
[0.830s] -- Installing: /home/birdlab1/Yash/ng_gravity/install/drone_description/share/drone_description/local_setup.sh
[0.831s] -- Installing: /home/birdlab1/Yash/ng_gravity/install/drone_description/share/drone_description/local_setup.zsh
[0.831s] -- Installing: /home/birdlab1/Yash/ng_gravity/install/drone_description/share/drone_description/local_setup.dsv
[0.831s] -- Installing: /home/birdlab1/Yash/ng_gravity/install/drone_description/share/drone_description/package.dsv
[0.832s] -- Installing: /home/birdlab1/Yash/ng_gravity/install/drone_description/share/ament_index/resource_index/packages/drone_description
[0.832s] -- Installing: /home/birdlab1/Yash/ng_gravity/install/drone_description/share/drone_description/cmake/drone_descriptionConfig.cmake
[0.832s] -- Installing: /home/birdlab1/Yash/ng_gravity/install/drone_description/share/drone_description/cmake/drone_descriptionConfig-version.cmake
[0.832s] -- Installing: /home/birdlab1/Yash/ng_gravity/install/drone_description/share/drone_description/package.xml
[0.850s] Invoked command in '/home/birdlab1/Yash/ng_gravity/build/drone_description' returned '0': CMAKE_PREFIX_PATH=/opt/ros/humble /usr/bin/cmake --install /home/birdlab1/Yash/ng_gravity/build/drone_description
