[0.006s] Invoking command in '/home/birdlab1/Yash/tunnel_gap/build/drone_description': CMAKE_PREFIX_PATH=/opt/ros/humble /usr/bin/cmake /home/birdlab1/Yash/tunnel_gap/src/drone_description -DCMAKE_INSTALL_PREFIX=/home/birdlab1/Yash/tunnel_gap/install/drone_description
[0.046s] -- The C compiler identification is GNU 11.4.0
[0.079s] -- The CXX compiler identification is GNU 11.4.0
[0.083s] -- Detecting C compiler ABI info
[0.133s] -- Detecting C compiler ABI info - done
[0.140s] -- Check for working C compiler: /usr/bin/cc - skipped
[0.140s] -- Detecting C compile features
[0.140s] -- Detecting C compile features - done
[0.143s] -- Detecting CXX compiler ABI info
[0.211s] -- Detecting CXX compiler ABI info - done
[0.215s] -- Check for working CXX compiler: /usr/bin/c++ - skipped
[0.215s] -- Detecting CXX compile features
[0.216s] -- Detecting CXX compile features - done
[0.217s] -- Found ament_cmake: 1.3.13 (/opt/ros/humble/share/ament_cmake/cmake)
[0.315s] -- Found Python3: /usr/bin/python3 (found version "3.10.12") found components: Interpreter 
[0.362s] -- Found ament_lint_auto: 0.12.15 (/opt/ros/humble/share/ament_lint_auto/cmake)
[0.417s] -- Added test 'flake8' to check Python code syntax and style conventions
[0.417s] -- Added test 'lint_cmake' to check CMake code style
[0.417s] -- Added test 'pep257' to check Python code against some of the docstring style conventions in PEP 257
[0.418s] -- Added test 'xmllint' to check XML markup files
[0.418s] -- Configuring done
[0.419s] -- Generating done
[0.420s] -- Build files have been written to: /home/birdlab1/Yash/tunnel_gap/build/drone_description
[0.423s] Invoked command in '/home/birdlab1/Yash/tunnel_gap/build/drone_description' returned '0': CMAKE_PREFIX_PATH=/opt/ros/humble /usr/bin/cmake /home/birdlab1/Yash/tunnel_gap/src/drone_description -DCMAKE_INSTALL_PREFIX=/home/birdlab1/Yash/tunnel_gap/install/drone_description
[0.424s] Invoking command in '/home/birdlab1/Yash/tunnel_gap/build/drone_description': CMAKE_PREFIX_PATH=/opt/ros/humble /usr/bin/cmake --build /home/birdlab1/Yash/tunnel_gap/build/drone_description -- -j20 -l20
[0.448s] Invoked command in '/home/birdlab1/Yash/tunnel_gap/build/drone_description' returned '0': CMAKE_PREFIX_PATH=/opt/ros/humble /usr/bin/cmake --build /home/birdlab1/Yash/tunnel_gap/build/drone_description -- -j20 -l20
[0.453s] Invoking command in '/home/birdlab1/Yash/tunnel_gap/build/drone_description': CMAKE_PREFIX_PATH=/opt/ros/humble /usr/bin/cmake --install /home/birdlab1/Yash/tunnel_gap/build/drone_description
[0.457s] -- Install configuration: ""
[0.457s] -- Installing: /home/birdlab1/Yash/tunnel_gap/install/drone_description/share/drone_description/meshes
[0.457s] -- Installing: /home/birdlab1/Yash/tunnel_gap/install/drone_description/share/drone_description/meshes/hinge_2.STL
[0.498s] -- Installing: /home/birdlab1/Yash/tunnel_gap/install/drone_description/share/drone_description/meshes/rotor_4.STL
[0.512s] -- Installing: /home/birdlab1/Yash/tunnel_gap/install/drone_description/share/drone_description/meshes/rotor_3.STL
[0.569s] -- Installing: /home/birdlab1/Yash/tunnel_gap/install/drone_description/share/drone_description/meshes/rotor_2.STL
[0.605s] -- Installing: /home/birdlab1/Yash/tunnel_gap/install/drone_description/share/drone_description/meshes/hinge_5.STL
[0.693s] -- Installing: /home/birdlab1/Yash/tunnel_gap/install/drone_description/share/drone_description/meshes/base_link.STL
[0.735s] -- Installing: /home/birdlab1/Yash/tunnel_gap/install/drone_description/share/drone_description/meshes/hinge_3.STL
[0.835s] -- Installing: /home/birdlab1/Yash/tunnel_gap/install/drone_description/share/drone_description/meshes/hinge_4.STL
[0.940s] -- Installing: /home/birdlab1/Yash/tunnel_gap/install/drone_description/share/drone_description/meshes/rotor_5.STL
[0.953s] -- Installing: /home/birdlab1/Yash/tunnel_gap/install/drone_description/share/drone_description/urdf
[0.953s] -- Installing: /home/birdlab1/Yash/tunnel_gap/install/drone_description/share/drone_description/urdf/reconfig_drone.csv
[0.958s] -- Installing: /home/birdlab1/Yash/tunnel_gap/install/drone_description/share/drone_description/urdf/reconfig_drone.urdf
[0.970s] -- Installing: /home/birdlab1/Yash/tunnel_gap/install/drone_description/share/drone_description/launch
[0.970s] -- Installing: /home/birdlab1/Yash/tunnel_gap/install/drone_description/share/drone_description/launch/display.launch.py
[0.971s] -- Installing: /home/birdlab1/Yash/tunnel_gap/install/drone_description/share/drone_description/config
[0.971s] -- Installing: /home/birdlab1/Yash/tunnel_gap/install/drone_description/share/drone_description/config/controllers.yaml
[0.971s] -- Installing: /home/birdlab1/Yash/tunnel_gap/install/drone_description/share/drone_description/config/joint_names_drone.yaml
[0.973s] -- Installing: /home/birdlab1/Yash/tunnel_gap/install/drone_description/share/ament_index/resource_index/package_run_dependencies/drone_description
[0.973s] -- Installing: /home/birdlab1/Yash/tunnel_gap/install/drone_description/share/ament_index/resource_index/parent_prefix_path/drone_description
[0.973s] -- Installing: /home/birdlab1/Yash/tunnel_gap/install/drone_description/share/drone_description/environment/ament_prefix_path.sh
[0.974s] -- Installing: /home/birdlab1/Yash/tunnel_gap/install/drone_description/share/drone_description/environment/ament_prefix_path.dsv
[0.974s] -- Installing: /home/birdlab1/Yash/tunnel_gap/install/drone_description/share/drone_description/environment/path.sh
[0.974s] -- Installing: /home/birdlab1/Yash/tunnel_gap/install/drone_description/share/drone_description/environment/path.dsv
[0.974s] -- Installing: /home/birdlab1/Yash/tunnel_gap/install/drone_description/share/drone_description/local_setup.bash
[0.974s] -- Installing: /home/birdlab1/Yash/tunnel_gap/install/drone_description/share/drone_description/local_setup.sh
[0.975s] -- Installing: /home/birdlab1/Yash/tunnel_gap/install/drone_description/share/drone_description/local_setup.zsh
[0.975s] -- Installing: /home/birdlab1/Yash/tunnel_gap/install/drone_description/share/drone_description/local_setup.dsv
[0.975s] -- Installing: /home/birdlab1/Yash/tunnel_gap/install/drone_description/share/drone_description/package.dsv
[0.975s] -- Installing: /home/birdlab1/Yash/tunnel_gap/install/drone_description/share/ament_index/resource_index/packages/drone_description
[0.975s] -- Installing: /home/birdlab1/Yash/tunnel_gap/install/drone_description/share/drone_description/cmake/drone_descriptionConfig.cmake
[0.976s] -- Installing: /home/birdlab1/Yash/tunnel_gap/install/drone_description/share/drone_description/cmake/drone_descriptionConfig-version.cmake
[0.976s] -- Installing: /home/birdlab1/Yash/tunnel_gap/install/drone_description/share/drone_description/package.xml
[0.982s] Invoked command in '/home/birdlab1/Yash/tunnel_gap/build/drone_description' returned '0': CMAKE_PREFIX_PATH=/opt/ros/humble /usr/bin/cmake --install /home/birdlab1/Yash/tunnel_gap/build/drone_description
