[0.005s] Invoking command in '/home/birdlab1/Yash/narrow_gap/build/drone_description': CMAKE_PREFIX_PATH=/opt/ros/humble /usr/bin/cmake /home/birdlab1/Yash/narrow_gap/src/drone_description -DCMAKE_INSTALL_PREFIX=/home/birdlab1/Yash/narrow_gap/install/drone_description
[0.049s] -- The C compiler identification is GNU 11.4.0
[0.085s] -- The CXX compiler identification is GNU 11.4.0
[0.089s] -- Detecting C compiler ABI info
[0.140s] -- Detecting C compiler ABI info - done
[0.145s] -- Check for working C compiler: /usr/bin/cc - skipped
[0.145s] -- Detecting C compile features
[0.145s] -- Detecting C compile features - done
[0.147s] -- Detecting CXX compiler ABI info
[0.203s] -- Detecting CXX compiler ABI info - done
[0.211s] -- Check for working CXX compiler: /usr/bin/c++ - skipped
[0.211s] -- Detecting CXX compile features
[0.211s] -- Detecting CXX compile features - done
[0.212s] -- Found ament_cmake: 1.3.13 (/opt/ros/humble/share/ament_cmake/cmake)
[0.318s] -- Found Python3: /usr/bin/python3 (found version "3.10.12") found components: Interpreter 
[0.366s] -- Found ament_lint_auto: 0.12.15 (/opt/ros/humble/share/ament_lint_auto/cmake)
[0.427s] -- Added test 'flake8' to check Python code syntax and style conventions
[0.427s] -- Added test 'lint_cmake' to check CMake code style
[0.427s] -- Added test 'pep257' to check Python code against some of the docstring style conventions in PEP 257
[0.429s] -- Added test 'xmllint' to check XML markup files
[0.430s] -- Configuring done
[0.432s] -- Generating done
[0.433s] -- Build files have been written to: /home/birdlab1/Yash/narrow_gap/build/drone_description
[0.437s] Invoked command in '/home/birdlab1/Yash/narrow_gap/build/drone_description' returned '0': CMAKE_PREFIX_PATH=/opt/ros/humble /usr/bin/cmake /home/birdlab1/Yash/narrow_gap/src/drone_description -DCMAKE_INSTALL_PREFIX=/home/birdlab1/Yash/narrow_gap/install/drone_description
[0.437s] Invoking command in '/home/birdlab1/Yash/narrow_gap/build/drone_description': CMAKE_PREFIX_PATH=/opt/ros/humble /usr/bin/cmake --build /home/birdlab1/Yash/narrow_gap/build/drone_description -- -j20 -l20
[0.469s] Invoked command in '/home/birdlab1/Yash/narrow_gap/build/drone_description' returned '0': CMAKE_PREFIX_PATH=/opt/ros/humble /usr/bin/cmake --build /home/birdlab1/Yash/narrow_gap/build/drone_description -- -j20 -l20
[0.470s] Invoking command in '/home/birdlab1/Yash/narrow_gap/build/drone_description': CMAKE_PREFIX_PATH=/opt/ros/humble /usr/bin/cmake --install /home/birdlab1/Yash/narrow_gap/build/drone_description
[0.480s] -- Install configuration: ""
[0.480s] -- Installing: /home/birdlab1/Yash/narrow_gap/install/drone_description/share/drone_description/meshes
[0.480s] -- Installing: /home/birdlab1/Yash/narrow_gap/install/drone_description/share/drone_description/meshes/hinge_2.STL
[0.482s] -- Installing: /home/birdlab1/Yash/narrow_gap/install/drone_description/share/drone_description/meshes/rotor_4.STL
[0.482s] -- Installing: /home/birdlab1/Yash/narrow_gap/install/drone_description/share/drone_description/meshes/rotor_3.STL
[0.483s] -- Installing: /home/birdlab1/Yash/narrow_gap/install/drone_description/share/drone_description/meshes/rotor_2.STL
[0.483s] -- Installing: /home/birdlab1/Yash/narrow_gap/install/drone_description/share/drone_description/meshes/hinge_5.STL
[0.485s] -- Installing: /home/birdlab1/Yash/narrow_gap/install/drone_description/share/drone_description/meshes/base_link.STL
[0.485s] -- Installing: /home/birdlab1/Yash/narrow_gap/install/drone_description/share/drone_description/meshes/hinge_3.STL
[0.487s] -- Installing: /home/birdlab1/Yash/narrow_gap/install/drone_description/share/drone_description/meshes/hinge_4.STL
[0.489s] -- Installing: /home/birdlab1/Yash/narrow_gap/install/drone_description/share/drone_description/meshes/rotor_5.STL
[0.489s] -- Installing: /home/birdlab1/Yash/narrow_gap/install/drone_description/share/drone_description/urdf
[0.489s] -- Installing: /home/birdlab1/Yash/narrow_gap/install/drone_description/share/drone_description/urdf/reconfig_drone.csv
[0.489s] -- Installing: /home/birdlab1/Yash/narrow_gap/install/drone_description/share/drone_description/urdf/reconfig_drone.urdf
[0.490s] -- Installing: /home/birdlab1/Yash/narrow_gap/install/drone_description/share/drone_description/launch
[0.490s] -- Installing: /home/birdlab1/Yash/narrow_gap/install/drone_description/share/drone_description/launch/display.launch.py
[0.490s] -- Installing: /home/birdlab1/Yash/narrow_gap/install/drone_description/share/drone_description/config
[0.490s] -- Installing: /home/birdlab1/Yash/narrow_gap/install/drone_description/share/drone_description/config/controllers.yaml
[0.490s] -- Installing: /home/birdlab1/Yash/narrow_gap/install/drone_description/share/drone_description/config/joint_names_drone.yaml
[0.491s] -- Installing: /home/birdlab1/Yash/narrow_gap/install/drone_description/share/ament_index/resource_index/package_run_dependencies/drone_description
[0.491s] -- Installing: /home/birdlab1/Yash/narrow_gap/install/drone_description/share/ament_index/resource_index/parent_prefix_path/drone_description
[0.491s] -- Installing: /home/birdlab1/Yash/narrow_gap/install/drone_description/share/drone_description/environment/ament_prefix_path.sh
[0.491s] -- Installing: /home/birdlab1/Yash/narrow_gap/install/drone_description/share/drone_description/environment/ament_prefix_path.dsv
[0.491s] -- Installing: /home/birdlab1/Yash/narrow_gap/install/drone_description/share/drone_description/environment/path.sh
[0.492s] -- Installing: /home/birdlab1/Yash/narrow_gap/install/drone_description/share/drone_description/environment/path.dsv
[0.492s] -- Installing: /home/birdlab1/Yash/narrow_gap/install/drone_description/share/drone_description/local_setup.bash
[0.492s] -- Installing: /home/birdlab1/Yash/narrow_gap/install/drone_description/share/drone_description/local_setup.sh
[0.492s] -- Installing: /home/birdlab1/Yash/narrow_gap/install/drone_description/share/drone_description/local_setup.zsh
[0.492s] -- Installing: /home/birdlab1/Yash/narrow_gap/install/drone_description/share/drone_description/local_setup.dsv
[0.492s] -- Installing: /home/birdlab1/Yash/narrow_gap/install/drone_description/share/drone_description/package.dsv
[0.493s] -- Installing: /home/birdlab1/Yash/narrow_gap/install/drone_description/share/ament_index/resource_index/packages/drone_description
[0.493s] -- Installing: /home/birdlab1/Yash/narrow_gap/install/drone_description/share/drone_description/cmake/drone_descriptionConfig.cmake
[0.493s] -- Installing: /home/birdlab1/Yash/narrow_gap/install/drone_description/share/drone_description/cmake/drone_descriptionConfig-version.cmake
[0.493s] -- Installing: /home/birdlab1/Yash/narrow_gap/install/drone_description/share/drone_description/package.xml
[0.496s] Invoked command in '/home/birdlab1/Yash/narrow_gap/build/drone_description' returned '0': CMAKE_PREFIX_PATH=/opt/ros/humble /usr/bin/cmake --install /home/birdlab1/Yash/narrow_gap/build/drone_description
